---
source: cli/tests/snapshot/templates_env_example.rs
expression: rendered
---
KUBERNETES_OPERATOR_NAME=example_operator
KUBERNETES_OPERATOR_AUTHOR=Author Name
KUBERNETES_OPERATOR_API_GROUP=example.com
KUBERNETES_OPERATOR_API_VERSION=v1
KUBERNETES_OPERATOR_RESOURCE_REF=resourceRef
KUBERNETES_OPERATOR_EXAMPLE_METADATA_SPEC_FIELD_REF=fieldRef
KUBERNETES_OPERATOR_INCLUDE_TAGS=tag1
KUBERNETES_OPERATOR_SECRET_NAME=secret

OPENAPI_DOWNLOAD_URL=https://raw.githubusercontent.com/edenreich/kopgen/refs/heads/main/openapi.yaml
INSTALL_CRDS=true
RUST_LOG=info
RUST_BACKTRACE=1
CONTAINER_REGISTRY=localhost:5005
CLUSTER_NAME=k3d-k3s-default

#TARGET_ARCH=x86_64-unknown-linux-musl
RELEASE=false
