---
source: cli/tests/snapshot/templates_env_example.rs
expression: rendered
---
# KUBERNETES_OPERATOR_NAME=
# KUBERNETES_OPERATOR_AUTHOR=
# KUBERNETES_OPERATOR_API_GROUP=
# KUBERNETES_OPERATOR_API_VERSION=
# KUBERNETES_OPERATOR_RESOURCE_REF=
# KUBERNETES_OPERATOR_EXAMPLE_METADATA_SPEC_FIELD_REF=
# KUBERNETES_OPERATOR_INCLUDE_TAGS=
# KUBERNETES_OPERATOR_SECRET_NAME=

OPENAPI_DOWNLOAD_URL=https://raw.githubusercontent.com/edenreich/kopgen/refs/heads/main/openapi.yaml
INSTALL_CRDS=true
RUST_LOG=info
RUST_BACKTRACE=1
CONTAINER_REGISTRY=localhost:5005
CLUSTER_NAME=k3d-k3s-default

RELEASE=false
# TARGET_ARCH=x86_64-unknown-linux-musl
# TARGET_ARCH=aarch64-unknown-linux-musl
